
> ai-platform@1.0.0 build
> prisma generate && next build

Prisma schema loaded from prisma/schema.prisma

✔ Generated Prisma Client (v5.22.0) to ./node_modules/@prisma/client in 177ms

Start by importing your Prisma Client (See: https://pris.ly/d/importing-client)

Tip: Easily identify and fix slow SQL queries in your app. Optimize helps you enhance your visibility: https://pris.ly/--optimize

Attention: Next.js now collects completely anonymous telemetry regarding usage.
This information is used to shape Next.js' roadmap and prioritize features.
You can learn more, including how to opt-out if you'd not like to participate in this anonymous program, by visiting the following URL:
https://nextjs.org/telemetry

▲ Next.js 16.2.3 (Turbopack)

  Creating an optimized production build ...
Error: Cannot apply unknown utility class `from-white/5`. Are you using CSS modules or similar and missing `@reference`? https://tailwindcss.com/docs/functions-and-directives#reference-directive
    [2m[at onInvalidCandidate (/workspaces/trixenora/node_modules/@tailwindcss/node/node_modules/tailwindcss/dist/lib.js:21:1314)][0m
    [2m[at Ee (/workspaces/trixenora/node_modules/@tailwindcss/node/node_modules/tailwindcss/dist/lib.js:16:37066)][0m
    [2m[at /workspaces/trixenora/node_modules/@tailwindcss/node/node_modules/tailwindcss/dist/lib.js:21:355][0m
    [2m[at _r (/workspaces/trixenora/node_modules/@tailwindcss/node/node_modules/tailwindcss/dist/lib.js:3:1733)][0m
    [2m[at I (/workspaces/trixenora/node_modules/@tailwindcss/node/node_modules/tailwindcss/dist/lib.js:3:1377)][0m
    [2m[at Te (/workspaces/trixenora/node_modules/@tailwindcss/node/node_modules/tailwindcss/dist/lib.js:21:172)][0m
    [2m[at mn (/workspaces/trixenora/node_modules/@tailwindcss/node/node_modules/tailwindcss/dist/lib.js:38:294)][0m
    [2m[at async gn (/workspaces/trixenora/node_modules/@tailwindcss/node/node_modules/tailwindcss/dist/lib.js:38:631)][0m
    [2m[at async Xr (/workspaces/trixenora/node_modules/@tailwindcss/node/dist/index.js:10:3416)][0m
    [2m[at async N (/workspaces/trixenora/node_modules/@tailwindcss/postcss/dist/index.js:10:3979)][0m

> Build error occurred
Error: Turbopack build failed with 1 errors:
./app/globals.css
Error evaluating Node.js code
CssSyntaxError: tailwindcss: /workspaces/trixenora/app/globals.css:1:1: Cannot apply unknown utility class `from-white/5`. Are you using CSS modules or similar and missing `@reference`? https://tailwindcss.com/docs/functions-and-directives#reference-directive
    at Input.error (node_modules/postcss/lib/input.js:135:16) [/workspaces/trixenora/.next/build/chunks/node_modules_13sb.px._.js:4652:22]
    at error (node_modules/postcss/lib/node.js:146:32) [/workspaces/trixenora/.next/build/chunks/node_modules_13sb.px._.js:928:38]
    [at Object.Once (/workspaces/trixenora/node_modules/@tailwindcss/postcss/dist/index.js:10:6913)]
    at async LazyResult.runAsync (node_modules/postcss/lib/lazy-result.js:293:11) [/workspaces/trixenora/.next/build/chunks/node_modules_13sb.px._.js:6215:21]
    at async transform (turbopack:///[turbopack-node]/transforms/postcss.ts:70:34) [/workspaces/trixenora/.next/build/chunks/[root-of-the-server]__0iv9ksq._.js:172:36]
    at async run (turbopack:///[turbopack-node]/child_process/evaluate.ts:89:23) [/workspaces/trixenora/.next/build/chunks/[root-of-the-server]__0rua-~2._.js:443:31]

Import trace:
  Client Component Browser:
    ./app/globals.css [Client Component Browser]
    ./app/layout.tsx [Server Component]


    at async transform (turbopack:///[turbopack-node]/transforms/postcss.ts:70:34) [/workspaces/trixenora/.next/build/chunks/[root-of-the-server]__0iv9ksq._.js:172:36])
    at async run (turbopack:///[turbopack-node]/child_process/evaluate.ts:89:23) [/workspaces/trixenora/.next/build/chunks/[root-of-the-server]__0rua-~2._.js:443:31])
